cmd : Could not find platform independent libraries <prefix>
No linha:1 caractere:1
+ cmd /c python Scripts\test_reality_check.py > test_output.txt 2>&1
+ ~~~~~~~~~~~~~~~~~~~~~~~~~~~~~~~~~~~~~~~~~~~~~~~~~~~~~~~~~~~~~~~~~~
    + CategoryInfo          : NotSpecified: (Could not find ...raries <prefix 
   >:String) [], RemoteException
    + FullyQualifiedErrorId : NativeCommandError
 

--- INICIANDO TESTE DE REALIDADE AUTOMATIZADO ---
[92mÔ£à Usu├írio MestreA_Auto registrado.[0m
[92mÔ£à Usu├írio JogadorB_Auto registrado.[0m
[91m
ÔØî TESTE FALHOU: 422 Client Error: Unprocessable Content for url: http://127.0.0.1:8000/api/v1/token[0m
